0
1
2
3
4

0
0
1
1
0
1

bar
bar

barg

00
01
10
11
