one
one
one

two
two
two

three
three
three

four
four
four

0
1
2

00
11
22
